---
source: tests/cert.rs
expression: res.text().await?
---
-----BEGIN CERTIFICATE-----
MIIDNjCCAh6gAwIBAgIURiwb8VznjVdzIRbd1cryRYgkyBEwDQYJKoZIhvcNAQEL
BQAwKDESMBAGA1UEAwwJcHJveHltb3JlMRIwEAYDVQQKDAlwcm94eW1vcmUwHhcN
MTYwMzI0MDU0NzUwWhcNMzYwMzE5MDU0NzUwWjAoMRIwEAYDVQQDDAlwcm94eW1v
cmUxEjAQBgNVBAoMCXByb3h5bW9yZTCCASIwDQYJKoZIhvcNAQEBBQADggEPADCC
AQoCggEBAMgxH1zfBh+61Wr6mhS7lr1GopgRC3l3f1q8xJpN9brkEwAqM98DKYHj
pEduIfRZb2I2GKSX0J0ssYMqXEu7qJdv4qrg+t4cm+RD2oH3pW/Wa2Ji+weKwWHN
tmb/Uv65jyKHMe5Zh/WOD2wtNm99r3UpMySAfXKRbAIlQ6bPTiNF+QYQvAv+0nXu
0l3OBVcSBt6iybJA1q+mi85olYlpI+HFhgZDSM5oSpMfErhR/Vw4KBvZ68WuhZ2H
S83AYem9X8tjPR7DkdpPANGkD5WzzBbKRPAPzhcvy/LNkrqltCLIPaA3fd91J4v4
qKWBM5xMRoO3S3d8Sdl/PU07jEmno/kCAwEAAaNYMFYwDwYDVR0PAQH/BAUDAwcG
ADATBgNVHSUEDDAKBggrBgEFBQcDATAdBgNVHQ4EFgQUL7VBYlArU6W+yOih7SaC
lej7AjQwDwYDVR0TAQH/BAUwAwEB/zANBgkqhkiG9w0BAQsFAAOCAQEAiwOeaEh8
mXUcZN+uPnRSgBgRde0k63BreOxUgRibCquZ8kgBbb/T3UaHrRc7aW5EFQl1z091
b7zFqTAeMORaQiST1lR494Sr9vCGNlap5xLcT0NvBnLPfvrgADsH/YC00q0l0KIy
3dB79GfUspeJWYbf3yrIXl9V6oI64/aZombNYJeDjzfb0sj67qQWBTTsrqOgrJKB
OWbOKR7JaXcxrKxXWFiUPRQELK6/TNI6gqDI2rb8oTge2sczhuAqXg7oOlVwFcPf
3crHDH+ACzCyG0T9hlRmfgR9smsJGzUe+Wc8l9Ixw+NcX3cQ6ahtfhy2tdC0Ab4W
8bAekO0OaP5Ndw==
-----END CERTIFICATE-----
